This is XeTeX, Version 3.141592653-2.6-0.999996 (TeX Live 2024) (preloaded format=xelatex 2026.5.9)  9 MAY 2026 15:06
entering extended mode
 restricted \write18 enabled.
 %&-line parsing enabled.
**Snow2026_may_CPT.tex
(./Snow2026_may_CPT.tex
LaTeX2e <2024-11-01> patch level 1
L3 programming layer <2024-12-25>

! LaTeX Error: File `beamer.cls' not found.

Type X to quit or <RETURN> to proceed,
or enter new name. (Default extension: cls)

Enter file name: 
! Emergency stop.
<read *> 
         
l.11 \newif
           \ifbibliography^^M 
Here is how much of TeX's memory you used:
 26 strings out of 475884
 518 string characters out of 5774728
 380098 words of memory out of 5000000
 23020 multiletter control sequences out of 15000+600000
 558069 words of font info for 36 fonts, out of 8000000 for 9000
 14 hyphenation exceptions out of 8191
 19i,0n,29p,96b,17s stack positions out of 10000i,1000n,20000p,200000b,200000s

No pages of output.
